// Jest Snapshot v1, https://goo.gl/fbAQLP

exports[`App should render without crashing 1`] = `
<BrowserRouter>
  <React.Fragment>
    <div
      className="Header"
    >
      <div
        className="Header__Upper"
      >
        <div
          className="Header__Nav"
        >
          <div
            className="Header__Layout"
          >
            <div
              className="Header__Logo"
            >
              HealthClaim
            </div>
             
          </div>
        </div>
      </div>
      <div
        className="Header__Lower"
      >
        <h2
          className="Header__Title"
        >
          Decentralized Healthcare
        </h2>
      </div>
    </div>
    <div
      className="Body"
    >
      <div
        className="Main"
      >
        <BrowserRouter>
          <Route
            component={[Function]}
          />
        </BrowserRouter>
      </div>
    </div>
  </React.Fragment>
</BrowserRouter>
`;
