// Jest Snapshot v1, https://goo.gl/fbAQLP

exports[`Doctor should render correctly 1`] = `
<div
  className="doctor-layout"
>
  <div
    className="doctor-main"
  >
    <div
      className="doctor-inner-alt"
    >
      <div
        className="Box"
      >
        <label
          className="Input__Label"
        >
          Your username
        </label>
        <input
          className="Input__Text"
          onChange={[Function]}
          type="text"
        />
        <br />
         
        <label
          className="Input__Label"
        >
          Input
        </label>
        <textarea
          className="Input__Area"
          onChange={[Function]}
          type="text"
        />
        <hr />
        <button
          className="Button Button__Green"
          onClick={[Function]}
        >
          Issue credentials
        </button>
        <button
          className="Button Button__Green"
          onClick={[Function]}
        >
          Refresh
        </button>
      </div>
      <br />
    </div>
  </div>
  <div>
    <div
      className="ToggleButton"
      onClick={[Function]}
    >
      <i
        className="fa fa-bell"
      />
    </div>
    <div
      className="Toggle"
      onClick={[Function]}
    >
      <div
        className={null}
      />
    </div>
  </div>
</div>
`;
