// Jest Snapshot v1, https://goo.gl/fbAQLP

exports[`Doctor should render correctly with mocked records 1`] = `
<div
  className="doctor-layout"
>
  <div
    className="doctor-main"
  >
    <div
      className="doctor-inner-alt"
    >
      <div
        className="Box"
      >
        <div
          className="Box__Tabs"
        >
          <div
            className="Tab__single Tab__single__active"
            onClick={[Function]}
          >
            <p
              className="Tab__text Tab__text__active"
            >
              Issue
            </p>
          </div>
          <div
            className="Tab__single "
            onClick={[Function]}
          >
            <p
              className="Tab__text "
            >
              View
            </p>
          </div>
        </div>
        <div
          className="doctor__content"
        >
          <div>
            <h3>
              Issue a new record
            </h3>
            <div
              className="separator"
            />
            <label
              className="Input__Label"
            >
              Patient's username
            </label>
            <input
              className="Input__Text"
              onChange={[Function]}
              type="text"
            />
            <div
              className="separator"
            />
            <div
              className="Form__Rack"
            >
              <button
                className="Button Button__Green"
                onClick={[Function]}
              >
                Refresh
              </button>
              <button
                className="Button Button__Green"
                onClick={[Function]}
              >
                Submit
              </button>
            </div>
          </div>
        </div>
      </div>
      <br />
    </div>
  </div>
  <div>
    <div
      className="ToggleButton"
      onClick={[Function]}
    >
      <i
        className="fa fa-bell"
      />
    </div>
    <div
      className="Toggle"
      onClick={[Function]}
    >
      <div
        className={null}
      />
    </div>
  </div>
</div>
`;
