// Jest Snapshot v1, https://goo.gl/fbAQLP

exports[`Doctor should render correctly with mocked records 1`] = `
<div
  className="dashboard-layout"
>
  <div
    className="Flex__Column"
  >
    <div
      className="Flex__Blue Flex__Centered Flex__Double"
      style={
        Object {
          "padding": "5px 38px",
        }
      }
    >
      <h1
        className="Page__Title"
      >
        Dashboard
      </h1>
    </div>
    <div
      className="dashboard-main"
    >
      <div
        className="dashboard-inner-alt"
      >
        <div
          className="Box"
        >
          <div
            className="Box__Tabs"
          >
            <div
              className="Tab__single Tab__single__active"
              onClick={[Function]}
            >
              <p
                className="Tab__text Tab__text__active"
              >
                Patient Health Record
              </p>
            </div>
          </div>
          <div
            className="doctor__content"
          >
            <div>
              <h3>
                Edit health record
              </h3>
              <div
                className="separator"
              />
              <label
                className="Input__Label"
              >
                Patient's username
              </label>
              <input
                className="Input__Text"
                onChange={[Function]}
                type="text"
                value={null}
              />
              <label
                className="Input__Label"
                style={
                  Object {
                    "marginTop": "10px",
                  }
                }
              >
                The URL of the patient's practice
              </label>
              <input
                className="Input__Text"
                onChange={[Function]}
                type="text"
                value="http://local"
              />
              <button
                className="Button Button__Green"
                onClick={[Function]}
                style={
                  Object {
                    "marginTop": "20px",
                  }
                }
              >
                Search
              </button>
              <div
                className="separator"
              />
              <p>
                No health record data was found 
              </p>
            </div>
          </div>
        </div>
        <br />
      </div>
    </div>
  </div>
</div>
`;
