// Jest Snapshot v1, https://goo.gl/fbAQLP

exports[`PatientView should render given name and ID 1`] = `
<div
  className="patient-view-container container"
>
  <div
    className="row"
  >
    <div
      className="info"
    >
      <div
        className="patient-view-column col"
      >
         
        <img
          alt="patient"
          className="patient-img"
          src="http://www.rw-designer.com/icon-image/14771-256x256x32.png"
        />
        <table
          className="table"
        >
          <tbody>
            <tr>
              <th>
                Name
              </th>
              <th>
                Name
              </th>
            </tr>
            <tr>
              <th>
                ID
              </th>
              <th>
                10
              </th>
            </tr>
            <tr>
              <th>
                DOB
              </th>
              <th>
                23/04/1977
              </th>
            </tr>
          </tbody>
        </table>
      </div>
    </div>
    <div
      className="patient-view-column col"
    >
      <table
        className="claim-table table table-hover"
      >
        <tbody />
      </table>
    </div>
  </div>
</div>
`;
